============================= test session starts =============================
platform win32 -- Python 3.14.3, pytest-9.0.2, pluggy-1.6.0 -- C:\Python314\python.exe
cachedir: .pytest_cache
rootdir: C:\Users\Pedro Jesus\Downloads\mimi
configfile: pyproject.toml
plugins: anyio-4.13.0, asyncio-1.3.0, cov-7.1.0
asyncio: mode=Mode.AUTO, debug=False, asyncio_default_fixture_loop_scope=None, asyncio_default_test_loop_scope=function
collecting ... collected 3 items

tests/integration/test_llm_factory_e2e.py::TestLLMFactoryE2E::test_factory_creates_valid_provider PASSED [ 33%]
tests/integration/test_llm_factory_e2e.py::TestLLMFactoryE2E::test_provider_tracks_stats PASSED [ 66%]
tests/integration/test_llm_factory_e2e.py::TestLLMFactoryE2E::test_factory_cleanup PASSED [100%]

============================== 3 passed in 1.39s ==============================
